******************************************************************************
                  TI ARM Linker PC v18.1.1                     
******************************************************************************
>> Linked Tue Mar 12 13:46:46 2019

OUTPUT FILE NAME:   <Schedular_KeyPad_LCD.out>
ENTRY POINT SYMBOL: "_c_int00_noargs"  address: 00000869


MEMORY CONFIGURATION

         name            origin    length      used     unused   attr    fill
----------------------  --------  ---------  --------  --------  ----  --------
  FLASH                 00000000   00040000  000009de  0003f622  R  X
  SRAM                  20000000   00008000  00000236  00007dca  RW X


SEGMENT ALLOCATION MAP

run origin  load origin   length   init length attrs members
----------  ----------- ---------- ----------- ----- -------
00000000    00000000    000009e0   000009e0    r-x
  00000000    00000000    0000026c   0000026c    r-- .intvecs
  0000026c    0000026c    00000742   00000742    r-x .text
  000009b0    000009b0    00000030   00000030    r-- .cinit
20000000    20000000    00000236   00000000    rw-
  20000000    20000000    00000200   00000000    rw- .stack
  20000200    20000200    00000034   00000000    rw- .bss
  20000234    20000234    00000002   00000000    rw- .data


SECTION ALLOCATION MAP

 output                                  attributes/
section   page    origin      length       input sections
--------  ----  ----------  ----------   ----------------
.intvecs   0    00000000    0000026c     
                  00000000    0000026c     tm4c123gh6pm_startup_ccs.obj (.intvecs)

.text      0    0000026c    00000742     
                  0000026c    00000200     TTC_Schedular.obj (.text)
                  0000046c    00000132     driverlib.lib : gpio.obj (.text:GPIOPadConfigSet)
                  0000059e    00000002     --HOLE-- [fill = 0]
                  000005a0    0000009c     main.obj (.text)
                  0000063c    0000009c     rtsv7M4_T_le_v4SPD16_eabi.lib : memcpy_t2.asm.obj (.text)
                  000006d8    00000074     Tasks.obj (.text)
                  0000074c    00000068     rtsv7M4_T_le_v4SPD16_eabi.lib : copy_decompress_lzss.c.obj (.text:decompress:lzss:__TI_decompress_lzss)
                  000007b4    00000044                                   : autoinit.c.obj (.text:__TI_auto_init_nobinit_nopinit:__TI_auto_init_nobinit_nopinit)
                  000007f8    00000038     driverlib.lib : sysctl.obj (.text:SysCtlPeripheralReady)
                  00000830    00000038     Timer.obj (.text)
                  00000868    00000038     rtsv7M4_T_le_v4SPD16_eabi.lib : boot_cortex_m.c.obj (.text:_c_int00_noargs:_c_int00_noargs)
                  000008a0    00000034     driverlib.lib : sysctl.obj (.text:SysCtlPeripheralEnable)
                  000008d4    0000002a                   : gpio.obj (.text:GPIODirModeSet)
                  000008fe    00000018                   : gpio.obj (.text:GPIOPinTypeGPIOOutput)
                  00000916    00000002     --HOLE-- [fill = 0]
                  00000918    00000014                   : systick.obj (.text:SysTickEnable)
                  0000092c    00000014                   : systick.obj (.text:SysTickIntEnable)
                  00000940    00000012     rtsv7M4_T_le_v4SPD16_eabi.lib : copy_zero_init.c.obj (.text:decompress:ZI:__TI_zero_init_nomemset:__TI_zero_init_nomemset)
                  00000952    00000010     driverlib.lib : interrupt.obj (.text:IntMasterEnable)
                  00000962    00000002     --HOLE-- [fill = 0]
                  00000964    00000010                   : systick.obj (.text:SysTickPeriodSet)
                  00000974    0000000e     rtsv7M4_T_le_v4SPD16_eabi.lib : copy_decompress_none.c.obj (.text:decompress:none:__TI_decompress_none)
                  00000982    0000000c     driverlib.lib : cpu.obj (.text:CPUcpsie)
                  0000098e    0000000c     tm4c123gh6pm_startup_ccs.obj (.text)
                  0000099a    00000006     driverlib.lib : gpio.obj (.text:GPIOPinWrite)
                  000009a0    00000006                   : sysctl.obj (.text:SysCtlDelay)
                  000009a6    00000004     rtsv7M4_T_le_v4SPD16_eabi.lib : pre_init.c.obj (.text:_system_pre_init)
                  000009aa    00000004                                   : exit.c.obj (.text:abort:abort)

.cinit     0    000009b0    00000030     
                  000009b0    0000000c     (__TI_handler_table)
                  000009bc    00000004     --HOLE-- [fill = 0]
                  000009c0    00000008     (.cinit..bss.load) [load image, compression = zero_init]
                  000009c8    00000006     (.cinit..data.load) [load image, compression = lzss]
                  000009ce    00000002     --HOLE-- [fill = 0]
                  000009d0    00000010     (__TI_cinit_table)

.init_array 
*          0    00000000    00000000     UNINITIALIZED

.bss       0    20000200    00000034     UNINITIALIZED
                  20000200    00000030     (.common:Task_arr)
                  20000230    00000004     (.common:Call_Back)

.data      0    20000234    00000002     UNINITIALIZED
                  20000234    00000002     TTC_Schedular.obj (.data)

.stack     0    20000000    00000200     UNINITIALIZED
                  20000000    00000004     rtsv7M4_T_le_v4SPD16_eabi.lib : boot_cortex_m.c.obj (.stack)
                  20000004    000001fc     --HOLE--

MODULE SUMMARY

       Module                         code   ro data   rw data
       ------                         ----   -------   -------
    .\
       tm4c123gh6pm_startup_ccs.obj   12     620       0      
       TTC_Schedular.obj              512    0         50     
       main.obj                       156    0         0      
       Tasks.obj                      116    0         0      
       Timer.obj                      56     0         4      
    +--+------------------------------+------+---------+---------+
       Total:                         852    620       54     
                                                              
    C:/ti/TivaWare_C_Series-2.1.4.178/driverlib/ccs/Debug/driverlib.lib
       gpio.obj                       378    0         0      
       sysctl.obj                     114    0         0      
       systick.obj                    56     0         0      
       interrupt.obj                  16     0         0      
       cpu.obj                        12     0         0      
    +--+------------------------------+------+---------+---------+
       Total:                         576    0         0      
                                                              
    C:\ti\ccsv8\tools\compiler\ti-cgt-arm_18.1.1.LTS\lib\rtsv7M4_T_le_v4SPD16_eabi.lib
       memcpy_t2.asm.obj              156    0         0      
       copy_decompress_lzss.c.obj     104    0         0      
       autoinit.c.obj                 68     0         0      
       boot_cortex_m.c.obj            56     0         0      
       copy_zero_init.c.obj           18     0         0      
       copy_decompress_none.c.obj     14     0         0      
       exit.c.obj                     4      0         0      
       pre_init.c.obj                 4      0         0      
    +--+------------------------------+------+---------+---------+
       Total:                         424    0         0      
                                                              
       Stack:                         0      0         512    
       Linker Generated:              0      42        0      
    +--+------------------------------+------+---------+---------+
       Grand Total:                   1852   662       566    


LINKER GENERATED COPY TABLES

__TI_cinit_table @ 000009d0 records: 2, size/record: 8, table size: 16
	.bss: load addr=000009c0, load size=00000008 bytes, run addr=20000200, run size=00000034 bytes, compression=zero_init
	.data: load addr=000009c8, load size=00000006 bytes, run addr=20000234, run size=00000002 bytes, compression=lzss


LINKER GENERATED HANDLER TABLE

__TI_handler_table @ 000009b0 records: 3, size/record: 4, table size: 12
	index: 0, handler: __TI_decompress_lzss
	index: 1, handler: __TI_decompress_none
	index: 2, handler: __TI_zero_init


GLOBAL SYMBOLS: SORTED ALPHABETICALLY BY Name 

address   name                          
-------   ----                          
000009ab  C$$EXIT                       
00000983  CPUcpsie                      
20000230  Call_Back                     
000008d5  GPIODirModeSet                
0000046d  GPIOPadConfigSet              
000008ff  GPIOPinTypeGPIOOutput         
0000099b  GPIOPinWrite                  
00000953  IntMasterEnable               
20000234  NewTickFlag                   
20000235  No_Of_Tasks                   
0000041f  OS_scheduler_Init             
0000042d  OS_scheduler_Start            
0000098f  ResetISR                      
00000831  Set_Call_Back                 
00000447  Set_flag                      
0000026d  Simple_Schedular              
00000317  Sort_Tasks                    
000009a1  SysCtlDelay                   
000008a1  SysCtlPeripheralEnable        
000007f9  SysCtlPeripheralReady         
00000919  SysTickEnable                 
0000092d  SysTickIntEnable              
00000965  SysTickPeriodSet              
00000859  SysTick_Handler               
20000200  Task_arr                      
00000841  Timer_init_INT                
000006fd  Toggle_BLUE                   
00000721  Toggle_GREEN                  
000006d9  Toggle_RED                    
20000200  __STACK_END                   
00000200  __STACK_SIZE                  
20000200  __STACK_TOP                   
000009d0  __TI_CINIT_Base               
000009e0  __TI_CINIT_Limit              
000009b0  __TI_Handler_Table_Base       
000009bc  __TI_Handler_Table_Limit      
000007b5  __TI_auto_init_nobinit_nopinit
0000074d  __TI_decompress_lzss          
00000975  __TI_decompress_none          
ffffffff  __TI_pprof_out_hndl           
ffffffff  __TI_prof_data_size           
ffffffff  __TI_prof_data_start          
00000000  __TI_static_base__            
00000941  __TI_zero_init_nomemset       
0000063d  __aeabi_memcpy                
0000063d  __aeabi_memcpy4               
0000063d  __aeabi_memcpy8               
ffffffff  __binit__                     
ffffffff  __c_args__                    
UNDEFED   __mpu_init                    
20000000  __stack                       
00000869  _c_int00_noargs               
UNDEFED   _system_post_cinit            
000009a7  _system_pre_init              
000009ab  abort                         
ffffffff  binit                         
00000000  g_pfnVectors                  
000005a1  main                          
0000063d  memcpy                        
000002d5  scheduler_Add_Task            
000003cf  scheduler_Remove_Task         


GLOBAL SYMBOLS: SORTED BY Symbol Address 

address   name                          
-------   ----                          
00000000  __TI_static_base__            
00000000  g_pfnVectors                  
00000200  __STACK_SIZE                  
0000026d  Simple_Schedular              
000002d5  scheduler_Add_Task            
00000317  Sort_Tasks                    
000003cf  scheduler_Remove_Task         
0000041f  OS_scheduler_Init             
0000042d  OS_scheduler_Start            
00000447  Set_flag                      
0000046d  GPIOPadConfigSet              
000005a1  main                          
0000063d  __aeabi_memcpy                
0000063d  __aeabi_memcpy4               
0000063d  __aeabi_memcpy8               
0000063d  memcpy                        
000006d9  Toggle_RED                    
000006fd  Toggle_BLUE                   
00000721  Toggle_GREEN                  
0000074d  __TI_decompress_lzss          
000007b5  __TI_auto_init_nobinit_nopinit
000007f9  SysCtlPeripheralReady         
00000831  Set_Call_Back                 
00000841  Timer_init_INT                
00000859  SysTick_Handler               
00000869  _c_int00_noargs               
000008a1  SysCtlPeripheralEnable        
000008d5  GPIODirModeSet                
000008ff  GPIOPinTypeGPIOOutput         
00000919  SysTickEnable                 
0000092d  SysTickIntEnable              
00000941  __TI_zero_init_nomemset       
00000953  IntMasterEnable               
00000965  SysTickPeriodSet              
00000975  __TI_decompress_none          
00000983  CPUcpsie                      
0000098f  ResetISR                      
0000099b  GPIOPinWrite                  
000009a1  SysCtlDelay                   
000009a7  _system_pre_init              
000009ab  C$$EXIT                       
000009ab  abort                         
000009b0  __TI_Handler_Table_Base       
000009bc  __TI_Handler_Table_Limit      
000009d0  __TI_CINIT_Base               
000009e0  __TI_CINIT_Limit              
20000000  __stack                       
20000200  Task_arr                      
20000200  __STACK_END                   
20000200  __STACK_TOP                   
20000230  Call_Back                     
20000234  NewTickFlag                   
20000235  No_Of_Tasks                   
ffffffff  __TI_pprof_out_hndl           
ffffffff  __TI_prof_data_size           
ffffffff  __TI_prof_data_start          
ffffffff  __binit__                     
ffffffff  __c_args__                    
ffffffff  binit                         
UNDEFED   __mpu_init                    
UNDEFED   _system_post_cinit            

[61 symbols]
