******************************************************************************
                  TI ARM Linker PC v18.1.1                     
******************************************************************************
>> Linked Tue Mar 12 17:22:50 2019

OUTPUT FILE NAME:   <keypad_tivac.out>
ENTRY POINT SYMBOL: "_c_int00_noargs"  address: 00000c51


MEMORY CONFIGURATION

         name            origin    length      used     unused   attr    fill
----------------------  --------  ---------  --------  --------  ----  --------
  FLASH                 00000000   00040000  00000f46  0003f0ba  R  X
  SRAM                  20000000   00008000  0000022d  00007dd3  RW X


SEGMENT ALLOCATION MAP

run origin  load origin   length   init length attrs members
----------  ----------- ---------- ----------- ----- -------
00000000    00000000    00000f48   00000f48    r-x
  00000000    00000000    0000026c   0000026c    r-- .intvecs
  0000026c    0000026c    00000ba8   00000ba8    r-x .text
  00000e14    00000e14    00000102   00000102    r-- .const
  00000f18    00000f18    00000030   00000030    r-- .cinit
20000000    20000000    0000022d   00000000    rw-
  20000000    20000000    00000200   00000000    rw- .stack
  20000200    20000200    00000028   00000000    rw- .bss
  20000228    20000228    00000005   00000000    rw- .data


SECTION ALLOCATION MAP

 output                                  attributes/
section   page    origin      length       input sections
--------  ----  ----------  ----------   ----------------
.intvecs   0    00000000    0000026c     
                  00000000    0000026c     tm4c123gh6pm_startup_ccs.obj (.intvecs)

.text      0    0000026c    00000ba8     
                  0000026c    00000208     Keypad.obj (.text)
                  00000474    00000200     TTC_Schedular.obj (.text)
                  00000674    00000132     driverlib.lib : gpio.obj (.text:GPIOPadConfigSet)
                  000007a6    00000002     --HOLE-- [fill = 0]
                  000007a8    00000110                   : sysctl.obj (.text:SysCtlClockGet)
                  000008b8    0000009c     rtsv7M4_T_le_v4SPD16_eabi.lib : memcpy_t2.asm.obj (.text)
                  00000954    00000084     Tasks.obj (.text)
                  000009d8    00000074     UART.obj (.text)
                  00000a4c    00000068     rtsv7M4_T_le_v4SPD16_eabi.lib : copy_decompress_lzss.c.obj (.text:decompress:lzss:__TI_decompress_lzss)
                  00000ab4    00000058     main.obj (.text)
                  00000b0c    00000048     driverlib.lib : gpio.obj (.text:GPIOPinConfigure)
                  00000b54    00000046                   : uart.obj (.text:UARTConfigSetExpClk)
                  00000b9a    00000002     --HOLE-- [fill = 0]
                  00000b9c    00000044     rtsv7M4_T_le_v4SPD16_eabi.lib : autoinit.c.obj (.text:__TI_auto_init_nobinit_nopinit:__TI_auto_init_nobinit_nopinit)
                  00000be0    00000038     driverlib.lib : sysctl.obj (.text:SysCtlPeripheralReady)
                  00000c18    00000038     Timer.obj (.text)
                  00000c50    00000038     rtsv7M4_T_le_v4SPD16_eabi.lib : boot_cortex_m.c.obj (.text:_c_int00_noargs:_c_int00_noargs)
                  00000c88    00000034     driverlib.lib : sysctl.obj (.text:SysCtlPeripheralEnable)
                  00000cbc    0000002a                   : gpio.obj (.text:GPIODirModeSet)
                  00000ce6    00000002     --HOLE-- [fill = 0]
                  00000ce8    00000020                   : uart.obj (.text:UARTDisable)
                  00000d08    00000018                   : gpio.obj (.text:GPIOPinTypeGPIOOutput)
                  00000d20    00000014                   : systick.obj (.text:SysTickEnable)
                  00000d34    00000014                   : systick.obj (.text:SysTickIntEnable)
                  00000d48    00000014                   : uart.obj (.text:UARTEnable)
                  00000d5c    00000012                   : gpio.obj (.text:GPIOPinTypeGPIOInput)
                  00000d6e    00000012                   : gpio.obj (.text:GPIOPinTypeUART)
                  00000d80    00000012     rtsv7M4_T_le_v4SPD16_eabi.lib : copy_zero_init.c.obj (.text:decompress:ZI:__TI_zero_init_nomemset:__TI_zero_init_nomemset)
                  00000d92    00000010     driverlib.lib : interrupt.obj (.text:IntMasterEnable)
                  00000da2    00000002     --HOLE-- [fill = 0]
                  00000da4    00000010                   : systick.obj (.text:SysTickPeriodSet)
                  00000db4    0000000e                   : uart.obj (.text:UARTCharGetNonBlocking)
                  00000dc2    0000000e                   : uart.obj (.text:UARTCharsAvail)
                  00000dd0    0000000e     rtsv7M4_T_le_v4SPD16_eabi.lib : copy_decompress_none.c.obj (.text:decompress:none:__TI_decompress_none)
                  00000dde    0000000c     driverlib.lib : cpu.obj (.text:CPUcpsie)
                  00000dea    0000000c     tm4c123gh6pm_startup_ccs.obj (.text)
                  00000df6    0000000a     driverlib.lib : uart.obj (.text:UARTCharPut)
                  00000e00    00000006                   : gpio.obj (.text:GPIOPinRead)
                  00000e06    00000006                   : gpio.obj (.text:GPIOPinWrite)
                  00000e0c    00000004     rtsv7M4_T_le_v4SPD16_eabi.lib : pre_init.c.obj (.text:_system_pre_init)
                  00000e10    00000004                                   : exit.c.obj (.text:abort:abort)

.const     0    00000e14    00000102     
                  00000e14    00000090     driverlib.lib : gpio.obj (.const:g_pui32GPIOBaseAddrs)
                  00000ea4    0000006c                   : sysctl.obj (.const:g_pui32Xtals)
                  00000f10    00000003     Keypad.obj (.const:.string:$P$T0$1)
                  00000f13    00000003     Keypad.obj (.const:.string:$P$T1$2)

.cinit     0    00000f18    00000030     
                  00000f18    0000000c     (__TI_handler_table)
                  00000f24    00000004     --HOLE-- [fill = 0]
                  00000f28    00000008     (.cinit..bss.load) [load image, compression = zero_init]
                  00000f30    00000007     (.cinit..data.load) [load image, compression = lzss]
                  00000f37    00000001     --HOLE-- [fill = 0]
                  00000f38    00000010     (__TI_cinit_table)

.init_array 
*          0    00000000    00000000     UNINITIALIZED

.bss       0    20000200    00000028     UNINITIALIZED
                  20000200    00000024     (.common:Task_arr)
                  20000224    00000004     (.common:Call_Back)

.data      0    20000228    00000005     UNINITIALIZED
                  20000228    00000002     TTC_Schedular.obj (.data)
                  2000022a    00000002     Tasks.obj (.data)
                  2000022c    00000001     Keypad.obj (.data)

.stack     0    20000000    00000200     UNINITIALIZED
                  20000000    00000004     rtsv7M4_T_le_v4SPD16_eabi.lib : boot_cortex_m.c.obj (.stack)
                  20000004    000001fc     --HOLE--

MODULE SUMMARY

       Module                         code   ro data   rw data
       ------                         ----   -------   -------
    .\
       tm4c123gh6pm_startup_ccs.obj   12     620       0      
       TTC_Schedular.obj              512    0         38     
       main.obj                       88     0         0      
       Timer.obj                      56     0         4      
    +--+------------------------------+------+---------+---------+
       Total:                         668    620       42     
                                                              
    .\Keypad_FILE\
       Keypad.obj                     520    6         1      
    +--+------------------------------+------+---------+---------+
       Total:                         520    6         1      
                                                              
    .\Tasks\
       Tasks.obj                      132    0         2      
    +--+------------------------------+------+---------+---------+
       Total:                         132    0         2      
                                                              
    .\UART_FILE\
       UART.obj                       116    0         0      
    +--+------------------------------+------+---------+---------+
       Total:                         116    0         0      
                                                              
    C:/ti/TivaWare_C_Series-2.1.4.178/driverlib/ccs/Debug/driverlib.lib
       gpio.obj                       492    144       0      
       sysctl.obj                     380    108       0      
       uart.obj                       160    0         0      
       systick.obj                    56     0         0      
       interrupt.obj                  16     0         0      
       cpu.obj                        12     0         0      
    +--+------------------------------+------+---------+---------+
       Total:                         1116   252       0      
                                                              
    C:\ti\ccsv8\tools\compiler\ti-cgt-arm_18.1.1.LTS\lib\rtsv7M4_T_le_v4SPD16_eabi.lib
       memcpy_t2.asm.obj              156    0         0      
       copy_decompress_lzss.c.obj     104    0         0      
       autoinit.c.obj                 68     0         0      
       boot_cortex_m.c.obj            56     0         0      
       copy_zero_init.c.obj           18     0         0      
       copy_decompress_none.c.obj     14     0         0      
       exit.c.obj                     4      0         0      
       pre_init.c.obj                 4      0         0      
    +--+------------------------------+------+---------+---------+
       Total:                         424    0         0      
                                                              
       Stack:                         0      0         512    
       Linker Generated:              0      43        0      
    +--+------------------------------+------+---------+---------+
       Grand Total:                   2976   921       557    


LINKER GENERATED COPY TABLES

__TI_cinit_table @ 00000f38 records: 2, size/record: 8, table size: 16
	.bss: load addr=00000f28, load size=00000008 bytes, run addr=20000200, run size=00000028 bytes, compression=zero_init
	.data: load addr=00000f30, load size=00000007 bytes, run addr=20000228, run size=00000005 bytes, compression=lzss


LINKER GENERATED HANDLER TABLE

__TI_handler_table @ 00000f18 records: 3, size/record: 4, table size: 12
	index: 0, handler: __TI_decompress_lzss
	index: 1, handler: __TI_decompress_none
	index: 2, handler: __TI_zero_init


GLOBAL SYMBOLS: SORTED ALPHABETICALLY BY Name 

address   name                          
-------   ----                          
00000e11  C$$EXIT                       
00000ddf  CPUcpsie                      
20000224  Call_Back                     
00000961  Debouncing_Task               
00000cbd  GPIODirModeSet                
00000675  GPIOPadConfigSet              
00000b0d  GPIOPinConfigure              
00000e01  GPIOPinRead                   
00000d5d  GPIOPinTypeGPIOInput          
00000d09  GPIOPinTypeGPIOOutput         
00000d6f  GPIOPinTypeUART               
00000e07  GPIOPinWrite                  
00000d93  IntMasterEnable               
0000099d  K2T                           
000002dd  Keypad_getPressedKey          
0000026d  Keypad_init                   
20000228  NewTickFlag                   
20000229  No_Of_Tasks                   
00000627  OS_scheduler_Init             
00000635  OS_scheduler_Start            
00000deb  ResetISR                      
00000c19  Set_Call_Back                 
0000064f  Set_flag                      
00000475  Simple_Schedular              
0000051f  Sort_Tasks                    
000007a9  SysCtlClockGet                
00000c89  SysCtlPeripheralEnable        
00000be1  SysCtlPeripheralReady         
00000d21  SysTickEnable                 
00000d35  SysTickIntEnable              
00000da5  SysTickPeriodSet              
00000c41  SysTick_Handler               
20000200  Task_arr                      
00000955  Tasks_init                    
00000c29  Timer_init_INT                
000009d9  UART0_INIT                    
00000a1d  UART0_RecieveChar             
00000db5  UARTCharGetNonBlocking        
00000df7  UARTCharPut                   
00000dc3  UARTCharsAvail                
00000b55  UARTConfigSetExpClk           
00000ce9  UARTDisable                   
00000d49  UARTEnable                    
20000200  __STACK_END                   
00000200  __STACK_SIZE                  
20000200  __STACK_TOP                   
00000f38  __TI_CINIT_Base               
00000f48  __TI_CINIT_Limit              
00000f18  __TI_Handler_Table_Base       
00000f24  __TI_Handler_Table_Limit      
00000b9d  __TI_auto_init_nobinit_nopinit
00000a4d  __TI_decompress_lzss          
00000dd1  __TI_decompress_none          
ffffffff  __TI_pprof_out_hndl           
ffffffff  __TI_prof_data_size           
ffffffff  __TI_prof_data_start          
00000000  __TI_static_base__            
00000d81  __TI_zero_init_nomemset       
000008b9  __aeabi_memcpy                
000008b9  __aeabi_memcpy4               
000008b9  __aeabi_memcpy8               
ffffffff  __binit__                     
ffffffff  __c_args__                    
UNDEFED   __mpu_init                    
20000000  __stack                       
00000c51  _c_int00_noargs               
UNDEFED   _system_post_cinit            
00000e0d  _system_pre_init              
00000e11  abort                         
ffffffff  binit                         
2000022c  flag                          
00000000  g_pfnVectors                  
0000044f  get_keypad_flag               
00000ab5  main                          
000008b9  memcpy                        
000004dd  scheduler_Add_Task            
000005d7  scheduler_Remove_Task         


GLOBAL SYMBOLS: SORTED BY Symbol Address 

address   name                          
-------   ----                          
00000000  __TI_static_base__            
00000000  g_pfnVectors                  
00000200  __STACK_SIZE                  
0000026d  Keypad_init                   
000002dd  Keypad_getPressedKey          
0000044f  get_keypad_flag               
00000475  Simple_Schedular              
000004dd  scheduler_Add_Task            
0000051f  Sort_Tasks                    
000005d7  scheduler_Remove_Task         
00000627  OS_scheduler_Init             
00000635  OS_scheduler_Start            
0000064f  Set_flag                      
00000675  GPIOPadConfigSet              
000007a9  SysCtlClockGet                
000008b9  __aeabi_memcpy                
000008b9  __aeabi_memcpy4               
000008b9  __aeabi_memcpy8               
000008b9  memcpy                        
00000955  Tasks_init                    
00000961  Debouncing_Task               
0000099d  K2T                           
000009d9  UART0_INIT                    
00000a1d  UART0_RecieveChar             
00000a4d  __TI_decompress_lzss          
00000ab5  main                          
00000b0d  GPIOPinConfigure              
00000b55  UARTConfigSetExpClk           
00000b9d  __TI_auto_init_nobinit_nopinit
00000be1  SysCtlPeripheralReady         
00000c19  Set_Call_Back                 
00000c29  Timer_init_INT                
00000c41  SysTick_Handler               
00000c51  _c_int00_noargs               
00000c89  SysCtlPeripheralEnable        
00000cbd  GPIODirModeSet                
00000ce9  UARTDisable                   
00000d09  GPIOPinTypeGPIOOutput         
00000d21  SysTickEnable                 
00000d35  SysTickIntEnable              
00000d49  UARTEnable                    
00000d5d  GPIOPinTypeGPIOInput          
00000d6f  GPIOPinTypeUART               
00000d81  __TI_zero_init_nomemset       
00000d93  IntMasterEnable               
00000da5  SysTickPeriodSet              
00000db5  UARTCharGetNonBlocking        
00000dc3  UARTCharsAvail                
00000dd1  __TI_decompress_none          
00000ddf  CPUcpsie                      
00000deb  ResetISR                      
00000df7  UARTCharPut                   
00000e01  GPIOPinRead                   
00000e07  GPIOPinWrite                  
00000e0d  _system_pre_init              
00000e11  C$$EXIT                       
00000e11  abort                         
00000f18  __TI_Handler_Table_Base       
00000f24  __TI_Handler_Table_Limit      
00000f38  __TI_CINIT_Base               
00000f48  __TI_CINIT_Limit              
20000000  __stack                       
20000200  Task_arr                      
20000200  __STACK_END                   
20000200  __STACK_TOP                   
20000224  Call_Back                     
20000228  NewTickFlag                   
20000229  No_Of_Tasks                   
2000022c  flag                          
ffffffff  __TI_pprof_out_hndl           
ffffffff  __TI_prof_data_size           
ffffffff  __TI_prof_data_start          
ffffffff  __binit__                     
ffffffff  __c_args__                    
ffffffff  binit                         
UNDEFED   __mpu_init                    
UNDEFED   _system_post_cinit            

[77 symbols]
